Last login: Tue May 23 08:28:43 on ttys000
Mcs-MacBook-Air:~ Mc$ cd documents
Mcs-MacBook-Air:documents Mc$ ls
CodingDojo
Mcs-MacBook-Air:documents Mc$ cd codingdojo
Mcs-MacBook-Air:codingdojo Mc$ ls
WebFun
Mcs-MacBook-Air:codingdojo Mc$ cd webfun
Mcs-MacBook-Air:webfun Mc$ mkdir gitDemo
Mcs-MacBook-Air:webfun Mc$ cd gitDemo/
Mcs-MacBook-Air:gitDemo Mc$ git init
Initialized empty Git repository in /Users/Mc/Documents/CodingDojo/WebFun/gitDemo/.git/
Mcs-MacBook-Air:gitDemo Mc$ ls
Mcs-MacBook-Air:gitDemo Mc$ ls -la
total 0
drwxr-xr-x   3 Mc  staff  102 May 23 11:30 .
drwxr-xr-x   5 Mc  staff  170 May 23 11:30 ..
drwxr-xr-x  10 Mc  staff  340 May 23 11:30 .git
Mcs-MacBook-Air:gitDemo Mc$ open.
-bash: open.: command not found
Mcs-MacBook-Air:gitDemo Mc$ cd ..
Mcs-MacBook-Air:webfun Mc$ open.
-bash: open.: command not found
Mcs-MacBook-Air:webfun Mc$ open .
Mcs-MacBook-Air:webfun Mc$ ls
HTML	gitDemo
Mcs-MacBook-Air:webfun Mc$ cd gitDemo
Mcs-MacBook-Air:gitDemo Mc$ ls
Mcs-MacBook-Air:gitDemo Mc$ gitdemo
-bash: gitdemo: command not found
Mcs-MacBook-Air:gitDemo Mc$ open .
Mcs-MacBook-Air:gitDemo Mc$ git branch
Mcs-MacBook-Air:gitDemo Mc$ git status
On branch master

Initial commit

nothing to commit (create/copy files and use "git add" to track)
Mcs-MacBook-Air:gitDemo Mc$ git bush
git: 'bush' is not a git command. See 'git --help'.

Did you mean this?
	push
Mcs-MacBook-Air:gitDemo Mc$ git push
fatal: No configured push destination.
Either specify the URL from the command-line or configure a remote repository using

    git remote add <name> <url>

and then push using the remote name

    git push <name>

Mcs-MacBook-Air:gitDemo Mc$ ls -la
total 0
drwxr-xr-x   3 Mc  staff  102 May 23 11:30 .
drwxr-xr-x   5 Mc  staff  170 May 23 11:30 ..
drwxr-xr-x  10 Mc  staff  340 May 23 11:37 .git
Mcs-MacBook-Air:gitDemo Mc$ 
Mcs-MacBook-Air:gitDemo Mc$ git commit -m
error: switch `m' requires a value
usage: git commit [<options>] [--] <pathspec>...

    -q, --quiet           suppress summary after successful commit
    -v, --verbose         show diff in commit message template

Commit message options
    -F, --file <file>     read message from file
    --author <author>     override author for commit
    --date <date>         override date for commit
    -m, --message <message>
                          commit message
    -c, --reedit-message <commit>
                          reuse and edit message from specified commit
    -C, --reuse-message <commit>
                          reuse message from specified commit
    --fixup <commit>      use autosquash formatted message to fixup specified commit
    --squash <commit>     use autosquash formatted message to squash specified commit
    --reset-author        the commit is authored by me now (used with -C/-c/--amend)
    -s, --signoff         add Signed-off-by:
    -t, --template <file>
                          use specified template file
    -e, --edit            force edit of commit
    --cleanup <default>   how to strip spaces and #comments from message
    --status              include status in commit message template
    -S, --gpg-sign[=<key-id>]
                          GPG sign commit

Commit contents options
    -a, --all             commit all changed files
    -i, --include         add specified files to index for commit
    --interactive         interactively add files
    -p, --patch           interactively add changes
    -o, --only            commit only specified files
    -n, --no-verify       bypass pre-commit and commit-msg hooks
    --dry-run             show what would be committed
    --short               show status concisely
    --branch              show branch information
    --porcelain           machine-readable output
    --long                show status in long format (default)
    -z, --null            terminate entries with NUL
    --amend               amend previous commit
    --no-post-rewrite     bypass post-rewrite hook
    -u, --untracked-files[=<mode>]
                          show untracked files, optional modes: all, normal, no. (Default: all)

Mcs-MacBook-Air:gitDemo Mc$ git remote add origin
usage: git remote add [<options>] <name> <url>

    -f, --fetch           fetch the remote branches
    --tags                import all tags and associated objects when fetching
                          or do not fetch any tag at all (--no-tags)
    -t, --track <branch>  branch(es) to track
    -m, --master <branch>
                          master branch
    --mirror[=<push|fetch>]
                          set up remote as a mirror to push to or fetch from

Mcs-MacBook-Air:gitDemo Mc$ commit 
-bash: commit: command not found
Mcs-MacBook-Air:gitDemo Mc$ ls -la
total 0
drwxr-xr-x   3 Mc  staff  102 May 23 11:30 .
drwxr-xr-x   5 Mc  staff  170 May 23 11:30 ..
drwxr-xr-x  10 Mc  staff  340 May 23 11:37 .git
Mcs-MacBook-Air:gitDemo Mc$ git branch
Mcs-MacBook-Air:gitDemo Mc$ git init
Reinitialized existing Git repository in /Users/Mc/Documents/CodingDojo/WebFun/gitDemo/.git/
Mcs-MacBook-Air:gitDemo Mc$ ls -la
total 0
drwxr-xr-x   3 Mc  staff  102 May 23 11:30 .
drwxr-xr-x   5 Mc  staff  170 May 23 11:30 ..
drwxr-xr-x  10 Mc  staff  340 May 23 11:53 .git
Mcs-MacBook-Air:gitDemo Mc$ git remote add origin https://github.com/mcarthurdiaz/gitDemo.git
Mcs-MacBook-Air:gitDemo Mc$ git push -u origin master
error: src refspec master does not match any.
error: failed to push some refs to 'https://github.com/mcarthurdiaz/gitDemo.git'
Mcs-MacBook-Air:gitDemo Mc$ git push -u
fatal: The current branch master has no upstream branch.
To push the current branch and set the remote as upstream, use

    git push --set-upstream origin master

Mcs-MacBook-Air:gitDemo Mc$ clear

Mcs-MacBook-Air:gitDemo Mc$ cd
Mcs-MacBook-Air:~ Mc$ fwd
-bash: fwd: command not found
Mcs-MacBook-Air:~ Mc$ pwd
/Users/Mc
Mcs-MacBook-Air:~ Mc$ clear


















Mcs-MacBook-Air:~ Mc$ cd deskrop
-bash: cd: deskrop: No such file or directory
Mcs-MacBook-Air:~ Mc$ clear





















Mcs-MacBook-Air:~ Mc$ cd desktop
Mcs-MacBook-Air:desktop Mc$ mkdir DojoAssignments
Mcs-MacBook-Air:desktop Mc$ cd DojoAssignments
Mcs-MacBook-Air:DojoAssignments Mc$ mkdir WebFundamentals
Mcs-MacBook-Air:DojoAssignments Mc$ mkdir Python
Mcs-MacBook-Air:DojoAssignments Mc$ mkdir MEAN
Mcs-MacBook-Air:DojoAssignments Mc$ mkdir Ruby
Mcs-MacBook-Air:DojoAssignments Mc$ mkdir iOS
Mcs-MacBook-Air:DojoAssignments Mc$ mkdir netCore
Mcs-MacBook-Air:DojoAssignments Mc$ cd iOS
Mcs-MacBook-Air:iOS Mc$ touch about.txt
Mcs-MacBook-Air:iOS Mc$ cd ..
Mcs-MacBook-Air:DojoAssignments Mc$ cp about.txt MEAN
cp: about.txt: No such file or directory
Mcs-MacBook-Air:DojoAssignments Mc$ cd iOS
Mcs-MacBook-Air:iOS Mc$ cp about.txt MEAN
Mcs-MacBook-Air:iOS Mc$ cp about.txt netCore
Mcs-MacBook-Air:iOS Mc$ cp about.txt Python
Mcs-MacBook-Air:iOS Mc$ cp about.txt Ruby
Mcs-MacBook-Air:iOS Mc$ cp about.txt Webfundamentals
Mcs-MacBook-Air:iOS Mc$ rm 
usage: rm [-f | -i] [-dPRrvW] file ...
       unlink file
Mcs-MacBook-Air:iOS Mc$ rm mean
Mcs-MacBook-Air:iOS Mc$ rm netcore
Mcs-MacBook-Air:iOS Mc$ rm python
Mcs-MacBook-Air:iOS Mc$ rm ruby
Mcs-MacBook-Air:iOS Mc$ rm webfundamentals
Mcs-MacBook-Air:iOS Mc$ cd ..
Mcs-MacBook-Air:DojoAssignments Mc$ cd mean
Mcs-MacBook-Air:mean Mc$ cp about.txt
usage: cp [-R [-H | -L | -P]] [-fi | -n] [-apvX] source_file target_file
       cp [-R [-H | -L | -P]] [-fi | -n] [-apvX] source_file ... target_directory
Mcs-MacBook-Air:mean Mc$ touch about.txt
Mcs-MacBook-Air:mean Mc$ cd ..
Mcs-MacBook-Air:DojoAssignments Mc$ cd netcore
Mcs-MacBook-Air:netcore Mc$ touch about.txt
Mcs-MacBook-Air:netcore Mc$ cd ..
Mcs-MacBook-Air:DojoAssignments Mc$ cd python
Mcs-MacBook-Air:python Mc$ touch about.txt
Mcs-MacBook-Air:python Mc$ cd ..
Mcs-MacBook-Air:DojoAssignments Mc$ cd ruby
Mcs-MacBook-Air:ruby Mc$ touch about.txt
Mcs-MacBook-Air:ruby Mc$ cd ..
Mcs-MacBook-Air:DojoAssignments Mc$ cd webfundamentals
Mcs-MacBook-Air:webfundamentals Mc$ touch about.txt
Mcs-MacBook-Air:webfundamentals Mc$ cd ..
Mcs-MacBook-Air:DojoAssignments Mc$ cd webfundamentals
Mcs-MacBook-Air:webfundamentals Mc$ mkdir Git
Mcs-MacBook-Air:webfundamentals Mc$ mkdir HTML
Mcs-MacBook-Air:webfundamentals Mc$ mkdir CSS
Mcs-MacBook-Air:webfundamentals Mc$ mkdir Javascript
Mcs-MacBook-Air:webfundamentals Mc$ cs css
-bash: cs: command not found
Mcs-MacBook-Air:webfundamentals Mc$ touch about.txt
Mcs-MacBook-Air:webfundamentals Mc$ cd ..
Mcs-MacBook-Air:DojoAssignments Mc$ cd webfundamentals
Mcs-MacBook-Air:webfundamentals Mc$ cd css
Mcs-MacBook-Air:css Mc$ touch about.txt
Mcs-MacBook-Air:css Mc$ cd ..
Mcs-MacBook-Air:webfundamentals Mc$ cd git
Mcs-MacBook-Air:git Mc$ touch about.txt
Mcs-MacBook-Air:git Mc$ cd ..
Mcs-MacBook-Air:webfundamentals Mc$ cd html
Mcs-MacBook-Air:html Mc$ touch about.txt
Mcs-MacBook-Air:html Mc$ cd ..
Mcs-MacBook-Air:webfundamentals Mc$ cd javacript
-bash: cd: javacript: No such file or directory
Mcs-MacBook-Air:webfundamentals Mc$ cd javascript
Mcs-MacBook-Air:javascript Mc$ touch about.txt
Mcs-MacBook-Air:javascript Mc$ cd ..
Mcs-MacBook-Air:webfundamentals Mc$ cd html
Mcs-MacBook-Air:html Mc$ touch indentation.html
Mcs-MacBook-Air:html Mc$ cd ..
Mcs-MacBook-Air:webfundamentals Mc$ cd ..
Mcs-MacBook-Air:DojoAssignments Mc$ -R
-bash: -R: command not found
Mcs-MacBook-Air:DojoAssignments Mc$ -r
-bash: -r: command not found
Mcs-MacBook-Air:DojoAssignments Mc$ ls -R
MEAN		Ruby		iOS
Python		WebFundamentals	netCore

./MEAN:
about.txt

./Python:
about.txt

./Ruby:
about.txt

./WebFundamentals:
CSS		Git		HTML		Javascript	about.txt

./WebFundamentals/CSS:
about.txt

./WebFundamentals/Git:
about.txt

./WebFundamentals/HTML:
about.txt		indentation.html

./WebFundamentals/Javascript:
about.txt

./iOS:
about.txt

./netCore:
about.txt
Mcs-MacBook-Air:DojoAssignments Mc$ 